// Jest Snapshot v1, https://goo.gl/fbAQLP

exports[`Home 1`] = `
Object {
  "asFragment": [Function],
  "baseElement": <body>
    <div>
      <div
        class="home"
      >
        <div
          class="countrySearchBox"
        >
          <input
            class="countrySearch"
            placeholder="Country Name"
            type="text"
            value=""
          />
          <button
            class="btn btn-secondary"
            type="button"
          >
            Search
          </button>
        </div>
        <div
          class="home-heading"
        >
          <header>
            <div
              class="map-image"
            >
              <img
                alt="Map Of Africa"
                src="./africa.png"
              />
            </div>
            <h1>
              Quality of air in
              <br />
              Africa.
            </h1>
          </header>
        </div>
        <div
          class="home-countries container"
        />
      </div>
    </div>
  </body>,
  "container": <div>
    <div
      class="home"
    >
      <div
        class="countrySearchBox"
      >
        <input
          class="countrySearch"
          placeholder="Country Name"
          type="text"
          value=""
        />
        <button
          class="btn btn-secondary"
          type="button"
        >
          Search
        </button>
      </div>
      <div
        class="home-heading"
      >
        <header>
          <div
            class="map-image"
          >
            <img
              alt="Map Of Africa"
              src="./africa.png"
            />
          </div>
          <h1>
            Quality of air in
            <br />
            Africa.
          </h1>
        </header>
      </div>
      <div
        class="home-countries container"
      />
    </div>
  </div>,
  "debug": [Function],
  "findAllByAltText": [Function],
  "findAllByDisplayValue": [Function],
  "findAllByLabelText": [Function],
  "findAllByPlaceholderText": [Function],
  "findAllByRole": [Function],
  "findAllByTestId": [Function],
  "findAllByText": [Function],
  "findAllByTitle": [Function],
  "findByAltText": [Function],
  "findByDisplayValue": [Function],
  "findByLabelText": [Function],
  "findByPlaceholderText": [Function],
  "findByRole": [Function],
  "findByTestId": [Function],
  "findByText": [Function],
  "findByTitle": [Function],
  "getAllByAltText": [Function],
  "getAllByDisplayValue": [Function],
  "getAllByLabelText": [Function],
  "getAllByPlaceholderText": [Function],
  "getAllByRole": [Function],
  "getAllByTestId": [Function],
  "getAllByText": [Function],
  "getAllByTitle": [Function],
  "getByAltText": [Function],
  "getByDisplayValue": [Function],
  "getByLabelText": [Function],
  "getByPlaceholderText": [Function],
  "getByRole": [Function],
  "getByTestId": [Function],
  "getByText": [Function],
  "getByTitle": [Function],
  "queryAllByAltText": [Function],
  "queryAllByDisplayValue": [Function],
  "queryAllByLabelText": [Function],
  "queryAllByPlaceholderText": [Function],
  "queryAllByRole": [Function],
  "queryAllByTestId": [Function],
  "queryAllByText": [Function],
  "queryAllByTitle": [Function],
  "queryByAltText": [Function],
  "queryByDisplayValue": [Function],
  "queryByLabelText": [Function],
  "queryByPlaceholderText": [Function],
  "queryByRole": [Function],
  "queryByTestId": [Function],
  "queryByText": [Function],
  "queryByTitle": [Function],
  "rerender": [Function],
  "unmount": [Function],
}
`;
